[SelectionLiability(selectionName= My Fair Lady, currency= GBP, numBets=3, totalStakes=18.8, totalLiability=122.55), SelectionLiability(selectionName= Fan the Flames, currency= GBP, numBets=4, totalStakes=19.6, totalLiability=109.40), SelectionLiability(selectionName= Bilbo's Adventure, currency= GBP, numBets=4, totalStakes=15.7, totalLiability=92.05), SelectionLiability(selectionName= Always a Runner, currency= GBP, numBets=2, totalStakes=7.0, totalLiability=40.10), SelectionLiability(selectionName= Always a Runner, currency= EUR, numBets=6, totalStakes=21.00, totalLiability=138.150), SelectionLiability(selectionName= Bilbo's Adventure, currency= EUR, numBets=2, totalStakes=10.65, totalLiability=74.250), SelectionLiability(selectionName= My Fair Lady, currency= EUR, numBets=1, totalStakes=3.4, totalLiability=22.10), SelectionLiability(selectionName= Fan the Flames, currency= EUR, numBets=2, totalStakes=3.2, totalLiability=14.40)]