[SelectionLiability(selectionName=EffertzConnelly and Kulas, currency=XAF, numBets=2, totalStakes=78.42, totalLiability=5668.4435), SelectionLiability(selectionName=QuigleyErnser and Cole, currency=XAF, numBets=1, totalStakes=48.47, totalLiability=400.8469), SelectionLiability(selectionName=HauckHilpert and Reichert, currency=VND, numBets=2, totalStakes=140.42, totalLiability=11524.7544), SelectionLiability(selectionName=Block-Bartell, currency=UYU, numBets=2, totalStakes=150.93, totalLiability=13537.3043), SelectionLiability(selectionName=Blanda LLC, currency=RUB, numBets=1, totalStakes=77.58, totalLiability=3918.5658), SelectionLiability(selectionName=Nitzsche-Douglas, currency=RUB, numBets=1, totalStakes=80.5, totalLiability=2217.775), SelectionLiability(selectionName=Veum-Deckow, currency=ILS, numBets=1, totalStakes=19.27, totalLiability=1448.9113), SelectionLiability(selectionName=Marks and Sons, currency=IDR, numBets=1, totalStakes=92.15, totalLiability=7645.6855), SelectionLiability(selectionName=HauckHilpert and Reichert, currency=IDR, numBets=1, totalStakes=22.63, totalLiability=2252.1376), SelectionLiability(selectionName=Veum-Deckow, currency=EUR, numBets=1, totalStakes=38.19, totalLiability=1394.6988), SelectionLiability(selectionName=Nitzsche-Douglas, currency=COP, numBets=1, totalStakes=19.72, totalLiability=364.0312), SelectionLiability(selectionName=Marks and Sons, currency=CNY, numBets=1, totalStakes=46.78, totalLiability=2781.0710), SelectionLiability(selectionName=Dibbert-Hauck, currency=CNY, numBets=1, totalStakes=33.23, totalLiability=1202.5937), SelectionLiability(selectionName=Block-Bartell, currency=CNY, numBets=1, totalStakes=2.48, totalLiability=243.5856), SelectionLiability(selectionName=Barrows-Adams, currency=ALL, numBets=1, totalStakes=77.88, totalLiability=5338.6740), SelectionLiability(selectionName=Block-Bartell, currency=ALL, numBets=1, totalStakes=50.99, totalLiability=4753.7977), SelectionLiability(selectionName=EffertzConnelly and Kulas, currency=ALL, numBets=1, totalStakes=94.75, totalLiability=3775.7875)]