Selection Name,Currency,Num Bets,Total Stakes,Total Liability
 My Fair Lady, GBP,3,18.8,122.55
 Fan the Flames, GBP,4,19.6,109.40
 Bilbo's Adventure, GBP,4,15.7,92.05
 Always a Runner, GBP,2,7.0,40.10
 Always a Runner, EUR,6,21.00,138.150
 Bilbo's Adventure, EUR,2,10.65,74.250
 My Fair Lady, EUR,1,3.4,22.10
 Fan the Flames, EUR,2,3.2,14.40
