[TotalLiability(currency=UYU, noOfBets=2, totalStakes=150.93, totalLiability=13537.3043), TotalLiability(currency=ALL, noOfBets=3, totalStakes=223.62, totalLiability=13868.2592), TotalLiability(currency=ILS, noOfBets=1, totalStakes=19.27, totalLiability=1448.9113), TotalLiability(currency=EUR, noOfBets=1, totalStakes=38.19, totalLiability=1394.6988), TotalLiability(currency=COP, noOfBets=1, totalStakes=19.72, totalLiability=364.0312), TotalLiability(currency=IDR, noOfBets=2, totalStakes=114.78, totalLiability=9897.8231), TotalLiability(currency=XAF, noOfBets=3, totalStakes=126.89, totalLiability=6069.2904), TotalLiability(currency=VND, noOfBets=2, totalStakes=140.42, totalLiability=11524.7544), TotalLiability(currency=RUB, noOfBets=2, totalStakes=158.08, totalLiability=6136.3408), TotalLiability(currency=CNY, noOfBets=3, totalStakes=82.49, totalLiability=4227.2503)]