Currency,No Of Bets,Total Stakes,Total Liability
 GBP,13,61.1,364.10
 EUR,11,38.25,248.900
